﻿
> vite_react_shadcn_ts@0.0.0 build
> vite build

[36mvite v7.3.1 [32mbuilding client environment for production...[36m[39m
transforming...
cmd : 
At line:1 char:1
+ cmd /c npm run build > build_output.txt 2>&1
+ ~~~~~~~~~~~~~~~~~~~~~~~~~~~~~~~~~~~~~~~~~~~~
    + CategoryInfo          : NotSpecified: (:String) [], RemoteException
    + FullyQualifiedErrorId : NativeCommandError
 
/grid-pattern-light.svg referenced in /grid-pattern-light.svg didn't resolve at build time, it will remain unchanged 
to be resolved at runtime

/grid-pattern.svg referenced in /grid-pattern.svg didn't resolve at build time, it will remain unchanged to be 
resolved at runtime

/images/grid-pattern.png referenced in /images/grid-pattern.png didn't resolve at build time, it will remain unchanged 
to be resolved at runtime
[32mΓ£ô[39m 5591 modules transformed.
[31mΓ£ù[39m Build failed in 9.52s
[31merror during build:
[31msrc/pages/solutions/Industries/EntertainmentIndustry.jsx (7:16): "Cogs" is not exported by 
"node_modules/lucide-react/dist/esm/lucide-react.js", imported by 
"src/pages/solutions/Industries/EntertainmentIndustry.jsx".[31m
file: [36mD:/kryoss/Kryoss-Work/src/pages/solutions/Industries/EntertainmentIndustry.jsx:7:16[31m
[33m
5:     MapPin, CreditCard, Bell, Star, FileText, BarChart, Zap,
6:     Headphones, Server, Code, RefreshCw, Phone, ArrowRight,
7:     PlayCircle, Cogs, Users, LogIn, Settings
                   ^
8: } from 'lucide-react';
9: import { motion, AnimatePresence } from 'framer-motion';
[31m
    at getRollupError (file:///D:/kryoss/Kryoss-Work/node_modules/rollup/dist/es/shared/parseAst.js:402:41)
    at error (file:///D:/kryoss/Kryoss-Work/node_modules/rollup/dist/es/shared/parseAst.js:398:42)
    at Module.error (file:///D:/kryoss/Kryoss-Work/node_modules/rollup/dist/es/shared/node-entry.js:17040:16)
    at Module.traceVariable (file:///D:/kryoss/Kryoss-Work/node_modules/rollup/dist/es/shared/node-entry.js:17452:29)
    at ModuleScope.findVariable 
(file:///D:/kryoss/Kryoss-Work/node_modules/rollup/dist/es/shared/node-entry.js:15070:39)
    at ReturnValueScope.findVariable 
(file:///D:/kryoss/Kryoss-Work/node_modules/rollup/dist/es/shared/node-entry.js:5673:38)
    at FunctionBodyScope.findVariable 
(file:///D:/kryoss/Kryoss-Work/node_modules/rollup/dist/es/shared/node-entry.js:5673:38)
    at Identifier.bind (file:///D:/kryoss/Kryoss-Work/node_modules/rollup/dist/es/shared/node-entry.js:5447:40)
    at Property.bind (file:///D:/kryoss/Kryoss-Work/node_modules/rollup/dist/es/shared/node-entry.js:2829:23)
    at ObjectExpression.bind 
(file:///D:/kryoss/Kryoss-Work/node_modules/rollup/dist/es/shared/node-entry.js:2825:28)[39m
